is Empty? 1
size after 100 insertions: 100
values at 12, 37, 83, 71, 70 are 307, 332, 166, 317, 997
size after 200 insertions: 200
values at 180, 137, 167, 0, 97 are 790, 799, 384, 286, 478
size after 300 insertions: 300
values at 266, 80, 279, 74, 15 are 970, 539, 501, 427, 704
size after 400 insertions: 400
values at 44, 306, 200, 116, 74 are 167, 689, 163, 323, 427
size after 490 pop_backs: 9
vector: 
286	156	347	612	212	775	725	565	689	
insert vector 1503	1989	2970	2613	1767	1872	1887	2484	183	at position 7
output reference to 1503
vector: 
286	156	347	612	212	775	725	943272201	959580473	839462967	154349878	926299953	926429449	942737714	839464760	154417204	80	0	
size after inserts: 18
wrong capC
erase many: 775
size after erases: 16
vector: 
286	156	347	775	725	943272201	959580473	839462967	154349878	926299953	926429449	942737714	839464760	154417204	80	0	
insert 46 at 13 ref: 154417204
vector: 
286	156	347	775	725	943272201	959580473	839462967	154349878	926299953	926429449	942737714	839464760	46	80	0	991	
erase from 12 ref: 839464760
vector: 
286	156	347	775	725	943272201	959580473	839462967	154349878	926299953	926429449	942737714	46	80	0	991	
